Emik.Analyzers.Expected.Generated.Tests.Testing<T>.Bar<T1>(T1)
Emik.Analyzers.Expected.Generated.Tests.Testing<T>.Baz(int)
